INFO .venv\Lib\site-packages\reme\application.py:37 | 2026-08-02 18:05:19 | Initializing ReMe Application v0.4.1.3
INFO .venv\Lib\site-packages\reme\components\file_store\local_file_store.py:149 | 2026-08-02 18:05:19 | default: chunk store load complete: chunks=0, elapsed=0.000s
INFO .venv\Lib\site-packages\reme\components\file_store\local_file_store.py:156 | 2026-08-02 18:05:19 | default: graph consistency check complete: repaired=False, elapsed=0.000s
INFO .venv\Lib\site-packages\reme\components\file_store\local_file_store.py:165 | 2026-08-02 18:05:19 | default: BM25/keyword index sync complete: backend=BM25Index, docs=0, elapsed=0.000s
INFO .venv\Lib\site-packages\reme\components\file_store\local_file_store.py:169 | 2026-08-02 18:05:19 | default: file store load phases complete: elapsed=0.001s
INFO .venv\Lib\site-packages\reme\components\file_store\local_file_store.py:80 | 2026-08-02 18:05:19 | default: file store load complete: chunks=0, elapsed=0.001s
INFO .venv\Lib\site-packages\reme\components\file_store\local_file_store.py:241 | 2026-08-02 18:05:19 | default: embedding backfill skipped: reason=no_chunks, elapsed=0.000s
INFO .venv\Lib\site-packages\reme\components\file_store\local_file_store.py:87 | 2026-08-02 18:05:19 | default: embedding backfill scheduling complete: scheduled=False, elapsed=0.000s
INFO .venv\Lib\site-packages\reme\components\file_store\local_file_store.py:92 | 2026-08-02 18:05:19 | default: file store startup complete: elapsed=0.002s
INFO .venv\Lib\site-packages\reme\application.py:205 | 2026-08-02 18:05:19 | Starting background job: index_update_loop
INFO .venv\Lib\site-packages\reme\steps\index\init_changes.py:75 | 2026-08-02 18:05:19 | [InitChangesStep] scan file_store:default: {'added': 1, 'modified': 0, 'deleted': 0}
INFO .venv\Lib\site-packages\reme\steps\index\update_changes.py:101 | 2026-08-02 18:05:19 | Detected 1 added file(s)
INFO .venv\Lib\site-packages\reme\steps\index\update_changes.py:257 | 2026-08-02 18:05:19 | Applying added batch to file_store: files=1 estimated_bytes=39680
ERROR .venv\Lib\site-packages\reme\components\embedding_store\local_embedding_store.py:137 | 2026-08-02 18:05:24 | Embedding request failed
Traceback (most recent call last):
  File "C:\temp\LitePaw\.venv\Lib\site-packages\reme\components\embedding_store\local_embedding_store.py", line 130, in _call_with_retry
    result = await self.as_embedding(texts, **kwargs)
             ^^^^^^^^^^^^^^^^^^^^^^^^^^^^^^^^^^^^^^^^
  File "C:\temp\LitePaw\.venv\Lib\site-packages\reme\components\as_embedding\__init__.py", line 44, in __call__
    response = await self.model(inputs, **kwargs)  # pylint: disable=not-callable
               ^^^^^^^^^^^^^^^^^^^^^^^^^^^^^^^^^^
  File "C:\temp\LitePaw\.venv\Lib\site-packages\agentscope\embedding\_dashscope\_model.py", line 214, in __call__
    return await super().__call__(normalized, **kwargs)
           ^^^^^^^^^^^^^^^^^^^^^^^^^^^^^^^^^^^^^^^^^^^^
  File "C:\temp\LitePaw\.venv\Lib\site-packages\agentscope\embedding\_embedding_base.py", line 256, in __call__
    results: list[EmbeddingResponse] = await asyncio.gather(
                                       ^^^^^^^^^^^^^^^^^^^^^
        *(self._call_with_retry(batch, **kwargs) for batch in batches),
        ^^^^^^^^^^^^^^^^^^^^^^^^^^^^^^^^^^^^^^^^^^^^^^^^^^^^^^^^^^^^^^^
    )
    ^
  File "C:\temp\LitePaw\.venv\Lib\site-packages\agentscope\embedding\_embedding_base.py", line 353, in _call_with_retry
    raise last_error
  File "C:\temp\LitePaw\.venv\Lib\site-packages\agentscope\embedding\_embedding_base.py", line 329, in _call_with_retry
    return await self._call_api(inputs, **kwargs)
           ^^^^^^^^^^^^^^^^^^^^^^^^^^^^^^^^^^^^^^
  File "C:\temp\LitePaw\.venv\Lib\site-packages\agentscope\embedding\_dashscope\_model.py", line 320, in _call_api
    return await self._call_text(inputs, **kwargs)
           ^^^^^^^^^^^^^^^^^^^^^^^^^^^^^^^^^^^^^^^
  File "C:\temp\LitePaw\.venv\Lib\site-packages\agentscope\embedding\_dashscope\_model.py", line 379, in _call_text
    raise RuntimeError(
        f"DashScope text embedding API error: {response}",
    )
RuntimeError: DashScope text embedding API error: {"status_code": 401, "request_id": "48371be4-afeb-965d-a3ac-90c97f894830", "code": "InvalidApiKey", "message": "Invalid API-key provided.", "output": null, "usage": null}
INFO .venv\Lib\site-packages\reme\steps\index\search.py:203 | 2026-08-02 18:05:24 | [SearchStep] query='容器编排' candidates=15 vector_hits=0 keyword_hits=0
ERROR .venv\Lib\site-packages\reme\components\embedding_store\local_embedding_store.py:137 | 2026-08-02 18:05:24 | Embedding request failed
Traceback (most recent call last):
  File "C:\temp\LitePaw\.venv\Lib\site-packages\reme\components\embedding_store\local_embedding_store.py", line 130, in _call_with_retry
    result = await self.as_embedding(texts, **kwargs)
             ^^^^^^^^^^^^^^^^^^^^^^^^^^^^^^^^^^^^^^^^
  File "C:\temp\LitePaw\.venv\Lib\site-packages\reme\components\as_embedding\__init__.py", line 44, in __call__
    response = await self.model(inputs, **kwargs)  # pylint: disable=not-callable
               ^^^^^^^^^^^^^^^^^^^^^^^^^^^^^^^^^^
  File "C:\temp\LitePaw\.venv\Lib\site-packages\agentscope\embedding\_dashscope\_model.py", line 214, in __call__
    return await super().__call__(normalized, **kwargs)
           ^^^^^^^^^^^^^^^^^^^^^^^^^^^^^^^^^^^^^^^^^^^^
  File "C:\temp\LitePaw\.venv\Lib\site-packages\agentscope\embedding\_embedding_base.py", line 256, in __call__
    results: list[EmbeddingResponse] = await asyncio.gather(
                                       ^^^^^^^^^^^^^^^^^^^^^
        *(self._call_with_retry(batch, **kwargs) for batch in batches),
        ^^^^^^^^^^^^^^^^^^^^^^^^^^^^^^^^^^^^^^^^^^^^^^^^^^^^^^^^^^^^^^^
    )
    ^
  File "C:\temp\LitePaw\.venv\Lib\site-packages\agentscope\embedding\_embedding_base.py", line 353, in _call_with_retry
    raise last_error
  File "C:\temp\LitePaw\.venv\Lib\site-packages\agentscope\embedding\_embedding_base.py", line 329, in _call_with_retry
    return await self._call_api(inputs, **kwargs)
           ^^^^^^^^^^^^^^^^^^^^^^^^^^^^^^^^^^^^^^
  File "C:\temp\LitePaw\.venv\Lib\site-packages\agentscope\embedding\_dashscope\_model.py", line 320, in _call_api
    return await self._call_text(inputs, **kwargs)
           ^^^^^^^^^^^^^^^^^^^^^^^^^^^^^^^^^^^^^^^
  File "C:\temp\LitePaw\.venv\Lib\site-packages\agentscope\embedding\_dashscope\_model.py", line 379, in _call_text
    raise RuntimeError(
        f"DashScope text embedding API error: {response}",
    )
RuntimeError: DashScope text embedding API error: {"status_code": 401, "request_id": "7e8e3f68-4a96-9de5-96c8-3c07dae132a0", "code": "InvalidApiKey", "message": "Invalid API-key provided.", "output": null, "usage": null}
INFO .venv\Lib\site-packages\reme\components\file_store\local_file_store.py:438 | 2026-08-02 18:05:24 | Saved 1 chunks to C:\Users\11938\AppData\Local\Temp\tmp7aj6ecpz\mem_metadata\file_store\file_chunks_default_v1.jsonl.zst
INFO .venv\Lib\site-packages\reme\components\keyword_index\bm25_index.py:362 | 2026-08-02 18:05:24 | Saved 1 docs to C:\Users\11938\AppData\Local\Temp\tmp7aj6ecpz\mem_metadata\keyword_index\bm25_default_regex_7748e1d5a050_v1.pkl
INFO .venv\Lib\site-packages\reme\components\file_graph\local_file_graph.py:45 | 2026-08-02 18:05:24 | Saved 1 nodes to C:\Users\11938\AppData\Local\Temp\tmp7aj6ecpz\mem_metadata\file_graph\default.jsonl.zst
INFO .venv\Lib\site-packages\reme\steps\index\watch_changes.py:88 | 2026-08-02 18:05:24 | Watching: ['C:\\Users\\11938\\AppData\\Local\\Temp\\tmp7aj6ecpz\\memory', 'C:\\Users\\11938\\AppData\\Local\\Temp\\tmp7aj6ecpz\\digest'] step=1000ms debounce=5000ms poll_delay=5000ms
INFO .venv\Lib\site-packages\reme\components\file_store\local_file_store.py:438 | 2026-08-02 18:05:25 | Saved 1 chunks to C:\Users\11938\AppData\Local\Temp\tmp7aj6ecpz\mem_metadata\file_store\file_chunks_default_v1.jsonl.zst
INFO .venv\Lib\site-packages\reme\components\keyword_index\bm25_index.py:362 | 2026-08-02 18:05:25 | Saved 1 docs to C:\Users\11938\AppData\Local\Temp\tmp7aj6ecpz\mem_metadata\keyword_index\bm25_default_regex_7748e1d5a050_v1.pkl
INFO .venv\Lib\site-packages\reme\components\file_graph\local_file_graph.py:45 | 2026-08-02 18:05:25 | Saved 1 nodes to C:\Users\11938\AppData\Local\Temp\tmp7aj6ecpz\mem_metadata\file_graph\default.jsonl.zst
INFO .venv\Lib\site-packages\reme\components\keyword_index\bm25_index.py:362 | 2026-08-02 18:05:25 | Saved 1 docs to C:\Users\11938\AppData\Local\Temp\tmp7aj6ecpz\mem_metadata\keyword_index\bm25_default_regex_7748e1d5a050_v1.pkl
INFO .venv\Lib\site-packages\reme\components\file_graph\local_file_graph.py:45 | 2026-08-02 18:05:25 | Saved 1 nodes to C:\Users\11938\AppData\Local\Temp\tmp7aj6ecpz\mem_metadata\file_graph\default.jsonl.zst
INFO .venv\Lib\site-packages\reme\components\file_catalog\local_file_catalog.py:33 | 2026-08-02 18:05:25 | Saved 0 nodes to C:\Users\11938\AppData\Local\Temp\tmp7aj6ecpz\mem_metadata\file_catalog\digest.jsonl.zst
INFO .venv\Lib\site-packages\reme\components\file_catalog\local_file_catalog.py:33 | 2026-08-02 18:05:25 | Saved 0 nodes to C:\Users\11938\AppData\Local\Temp\tmp7aj6ecpz\mem_metadata\file_catalog\default.jsonl.zst
